2026-05-17 01:37:37,335 - INFO - ==================================================
2026-05-17 01:37:37,336 - INFO - Gold Price Tracker started
2026-05-17 01:37:37,336 - INFO - Fetching gold prices from BAJUS...
2026-05-17 01:37:37,946 - INFO - Extracted prices: {'k22': 20415, 'k21': 19490, 'k18': 16705, 'traditional': 13605}
2026-05-17 01:37:37,956 - INFO - Today's prices unchanged (2026-05-17) - no update needed
2026-05-17 01:37:37,956 - INFO - No changes - skipping git push
2026-05-17 01:37:37,956 - INFO - Gold Price Tracker completed successfully
2026-05-17 03:59:49,312 - INFO - ==================================================
2026-05-17 03:59:49,313 - INFO - Gold Price Tracker started
2026-05-17 03:59:49,313 - INFO - Fetching gold prices from BAJUS...
2026-05-17 03:59:49,915 - INFO - Extracted prices: {'k22': 20415, 'k21': 19490, 'k18': 16705, 'traditional': 13605}
2026-05-17 03:59:49,924 - INFO - Today's prices unchanged (2026-05-17) - no update needed
2026-05-17 03:59:49,925 - INFO - No changes - skipping git push
2026-05-17 03:59:49,925 - INFO - Gold Price Tracker completed successfully
2026-05-17 06:21:10,144 - INFO - ==================================================
2026-05-17 06:21:10,145 - INFO - Gold Price Tracker started
2026-05-17 06:21:10,145 - INFO - Fetching gold prices from BAJUS...
2026-05-17 06:21:10,470 - INFO - Extracted prices: {'k22': 20415, 'k21': 19490, 'k18': 16705, 'traditional': 13605}
2026-05-17 06:21:10,479 - INFO - Today's prices unchanged (2026-05-17) - no update needed
2026-05-17 06:21:10,480 - INFO - No changes - skipping git push
2026-05-17 06:21:10,480 - INFO - Gold Price Tracker completed successfully
2026-05-17 08:36:09,097 - INFO - ==================================================
2026-05-17 08:36:09,097 - INFO - Gold Price Tracker started
2026-05-17 08:36:09,097 - INFO - Fetching gold prices from BAJUS...
2026-05-17 08:36:09,367 - INFO - Extracted prices: {'k22': 20415, 'k21': 19490, 'k18': 16705, 'traditional': 13605}
2026-05-17 08:36:09,373 - INFO - Today's prices unchanged (2026-05-17) - no update needed
2026-05-17 08:36:09,373 - INFO - No changes - skipping git push
2026-05-17 08:36:09,373 - INFO - Gold Price Tracker completed successfully
2026-05-17 11:38:20,596 - INFO - ==================================================
2026-05-17 11:38:20,596 - INFO - Gold Price Tracker started
2026-05-17 11:38:20,596 - INFO - Fetching gold prices from BAJUS...
2026-05-17 11:38:21,202 - INFO - Extracted prices: {'k22': 20415, 'k21': 19490, 'k18': 16705, 'traditional': 13605}
2026-05-17 11:38:21,211 - INFO - Today's prices unchanged (2026-05-17) - no update needed
2026-05-17 11:38:21,212 - INFO - No changes - skipping git push
2026-05-17 11:38:21,212 - INFO - Gold Price Tracker completed successfully
2026-05-17 13:38:28,477 - INFO - ==================================================
2026-05-17 13:38:28,478 - INFO - Gold Price Tracker started
2026-05-17 13:38:28,478 - INFO - Fetching gold prices from BAJUS...
2026-05-17 13:38:29,102 - INFO - Extracted prices: {'k22': 20415, 'k21': 19490, 'k18': 16705, 'traditional': 13605}
2026-05-17 13:38:29,112 - INFO - Today's prices unchanged (2026-05-17) - no update needed
2026-05-17 13:38:29,113 - INFO - No changes - skipping git push
2026-05-17 13:38:29,113 - INFO - Gold Price Tracker completed successfully
2026-05-17 15:41:57,687 - INFO - ==================================================
2026-05-17 15:41:57,688 - INFO - Gold Price Tracker started
2026-05-17 15:41:57,688 - INFO - Fetching gold prices from BAJUS...
2026-05-17 15:41:58,183 - INFO - Extracted prices: {'k22': 20415, 'k21': 19490, 'k18': 16705, 'traditional': 13605}
2026-05-17 15:41:58,189 - INFO - Today's prices unchanged (2026-05-17) - no update needed
2026-05-17 15:41:58,190 - INFO - No changes - skipping git push
2026-05-17 15:41:58,190 - INFO - Gold Price Tracker completed successfully
2026-05-17 18:45:29,817 - INFO - ==================================================
2026-05-17 18:45:29,818 - INFO - Gold Price Tracker started
2026-05-17 18:45:29,818 - INFO - Fetching gold prices from BAJUS...
2026-05-17 18:45:30,404 - INFO - Extracted prices: {'k22': 20415, 'k21': 19490, 'k18': 16705, 'traditional': 13605}
2026-05-17 18:45:30,413 - INFO - Today's prices unchanged (2026-05-17) - no update needed
2026-05-17 18:45:30,414 - INFO - No changes - skipping git push
2026-05-17 18:45:30,414 - INFO - Gold Price Tracker completed successfully
2026-05-17 20:45:49,267 - INFO - ==================================================
2026-05-17 20:45:49,267 - INFO - Gold Price Tracker started
2026-05-17 20:45:49,267 - INFO - Fetching gold prices from BAJUS...
2026-05-17 20:45:49,542 - INFO - Extracted prices: {'k22': 20415, 'k21': 19490, 'k18': 16705, 'traditional': 13605}
2026-05-17 20:45:49,548 - INFO - Today's prices unchanged (2026-05-17) - no update needed
2026-05-17 20:45:49,548 - INFO - No changes - skipping git push
2026-05-17 20:45:49,548 - INFO - Gold Price Tracker completed successfully
2026-05-17 22:45:49,658 - INFO - ==================================================
2026-05-17 22:45:49,659 - INFO - Gold Price Tracker started
2026-05-17 22:45:49,659 - INFO - Fetching gold prices from BAJUS...
2026-05-17 22:45:49,770 - INFO - Extracted prices: {'k22': 20415, 'k21': 19490, 'k18': 16705, 'traditional': 13605}
2026-05-17 22:45:49,774 - INFO - Today's prices unchanged (2026-05-17) - no update needed
2026-05-17 22:45:49,774 - INFO - No changes - skipping git push
2026-05-17 22:45:49,774 - INFO - Gold Price Tracker completed successfully
2026-05-18 01:04:12,542 - INFO - ==================================================
2026-05-18 01:04:12,543 - INFO - Gold Price Tracker started
2026-05-18 01:04:12,543 - INFO - Fetching gold prices from BAJUS...
2026-05-18 01:04:13,220 - INFO - Extracted prices: {'k22': 20415, 'k21': 19490, 'k18': 16705, 'traditional': 13605}
2026-05-18 01:04:13,230 - INFO - Today's prices unchanged (2026-05-18) - no update needed
2026-05-18 01:04:13,230 - INFO - No changes - skipping git push
2026-05-18 01:04:13,230 - INFO - Gold Price Tracker completed successfully
2026-05-18 03:19:50,449 - INFO - ==================================================
2026-05-18 03:19:50,449 - INFO - Gold Price Tracker started
2026-05-18 03:19:50,449 - INFO - Fetching gold prices from BAJUS...
2026-05-18 03:19:51,041 - INFO - Extracted prices: {'k22': 20415, 'k21': 19490, 'k18': 16705, 'traditional': 13605}
2026-05-18 03:19:51,050 - INFO - Today's prices unchanged (2026-05-18) - no update needed
2026-05-18 03:19:51,050 - INFO - No changes - skipping git push
2026-05-18 03:19:51,050 - INFO - Gold Price Tracker completed successfully
2026-05-18 05:45:03,036 - INFO - ==================================================
2026-05-18 05:45:03,036 - INFO - Gold Price Tracker started
2026-05-18 05:45:03,036 - INFO - Fetching gold prices from BAJUS...
2026-05-18 05:45:03,640 - INFO - Extracted prices: {'k22': 20415, 'k21': 19490, 'k18': 16705, 'traditional': 13605}
2026-05-18 05:45:03,649 - INFO - Today's prices unchanged (2026-05-18) - no update needed
2026-05-18 05:45:03,649 - INFO - No changes - skipping git push
2026-05-18 05:45:03,649 - INFO - Gold Price Tracker completed successfully
2026-05-18 08:17:59,876 - INFO - ==================================================
2026-05-18 08:17:59,876 - INFO - Gold Price Tracker started
2026-05-18 08:17:59,877 - INFO - Fetching gold prices from BAJUS...
2026-05-18 08:18:00,207 - INFO - Extracted prices: {'k22': 20415, 'k21': 19490, 'k18': 16705, 'traditional': 13605}
2026-05-18 08:18:00,213 - INFO - Today's prices unchanged (2026-05-18) - no update needed
2026-05-18 08:18:00,213 - INFO - No changes - skipping git push
2026-05-18 08:18:00,213 - INFO - Gold Price Tracker completed successfully
2026-05-18 10:33:46,565 - INFO - ==================================================
2026-05-18 10:33:46,565 - INFO - Gold Price Tracker started
2026-05-18 10:33:46,565 - INFO - Fetching gold prices from BAJUS...
2026-05-18 10:33:46,788 - INFO - Extracted prices: {'k22': 20415, 'k21': 19490, 'k18': 16705, 'traditional': 13605}
2026-05-18 10:33:46,796 - INFO - Today's prices unchanged (2026-05-18) - no update needed
2026-05-18 10:33:46,797 - INFO - No changes - skipping git push
2026-05-18 10:33:46,797 - INFO - Gold Price Tracker completed successfully
2026-05-18 12:33:46,960 - INFO - ==================================================
2026-05-18 12:33:46,960 - INFO - Gold Price Tracker started
2026-05-18 12:33:46,960 - INFO - Fetching gold prices from BAJUS...
2026-05-18 12:33:47,146 - INFO - Extracted prices: {'k22': 20415, 'k21': 19490, 'k18': 16705, 'traditional': 13605}
2026-05-18 12:33:47,153 - INFO - Today's prices unchanged (2026-05-18) - no update needed
2026-05-18 12:33:47,154 - INFO - No changes - skipping git push
2026-05-18 12:33:47,154 - INFO - Gold Price Tracker completed successfully
2026-05-18 14:33:47,313 - INFO - ==================================================
2026-05-18 14:33:47,314 - INFO - Gold Price Tracker started
2026-05-18 14:33:47,314 - INFO - Fetching gold prices from BAJUS...
2026-05-18 14:33:47,576 - INFO - Extracted prices: {'k22': 20415, 'k21': 19490, 'k18': 16705, 'traditional': 13605}
2026-05-18 14:33:47,582 - INFO - Today's prices unchanged (2026-05-18) - no update needed
2026-05-18 14:33:47,583 - INFO - No changes - skipping git push
2026-05-18 14:33:47,583 - INFO - Gold Price Tracker completed successfully
2026-05-18 16:33:47,844 - INFO - ==================================================
2026-05-18 16:33:47,844 - INFO - Gold Price Tracker started
2026-05-18 16:33:47,844 - INFO - Fetching gold prices from BAJUS...
2026-05-18 16:33:48,106 - INFO - Extracted prices: {'k22': 20415, 'k21': 19490, 'k18': 16705, 'traditional': 13605}
2026-05-18 16:33:48,114 - INFO - Today's prices unchanged (2026-05-18) - no update needed
2026-05-18 16:33:48,114 - INFO - No changes - skipping git push
2026-05-18 16:33:48,114 - INFO - Gold Price Tracker completed successfully
2026-05-18 18:33:48,274 - INFO - ==================================================
2026-05-18 18:33:48,275 - INFO - Gold Price Tracker started
2026-05-18 18:33:48,275 - INFO - Fetching gold prices from BAJUS...
2026-05-18 18:33:48,533 - INFO - Extracted prices: {'k22': 20415, 'k21': 19490, 'k18': 16705, 'traditional': 13605}
2026-05-18 18:33:48,539 - INFO - Today's prices unchanged (2026-05-18) - no update needed
2026-05-18 18:33:48,540 - INFO - No changes - skipping git push
2026-05-18 18:33:48,540 - INFO - Gold Price Tracker completed successfully
2026-05-18 20:33:48,877 - INFO - ==================================================
2026-05-18 20:33:48,878 - INFO - Gold Price Tracker started
2026-05-18 20:33:48,879 - INFO - Fetching gold prices from BAJUS...
2026-05-18 20:33:49,151 - INFO - Extracted prices: {'k22': 20415, 'k21': 19490, 'k18': 16705, 'traditional': 13605}
2026-05-18 20:33:49,158 - INFO - Today's prices unchanged (2026-05-18) - no update needed
2026-05-18 20:33:49,158 - INFO - No changes - skipping git push
2026-05-18 20:33:49,158 - INFO - Gold Price Tracker completed successfully
2026-05-18 22:44:52,953 - INFO - ==================================================
2026-05-18 22:44:52,954 - INFO - Gold Price Tracker started
2026-05-18 22:44:52,954 - INFO - Fetching gold prices from BAJUS...
2026-05-18 22:44:53,239 - INFO - Extracted prices: {'k22': 20415, 'k21': 19490, 'k18': 16705, 'traditional': 13605}
2026-05-18 22:44:53,245 - INFO - Today's prices unchanged (2026-05-18) - no update needed
2026-05-18 22:44:53,246 - INFO - No changes - skipping git push
2026-05-18 22:44:53,246 - INFO - Gold Price Tracker completed successfully
