2026-05-16 23:45:40,396 - INFO - ==================================================
2026-05-16 23:45:40,396 - INFO - Gold Price Tracker started
2026-05-16 23:45:40,396 - INFO - Fetching gold prices from BAJUS...
2026-05-16 23:45:40,618 - INFO - Extracted prices: {'k22': 20415, 'k21': 19490, 'k18': 16705, 'traditional': 13605}
2026-05-16 23:45:40,621 - INFO - Today's prices unchanged (2026-05-16) - no update needed
2026-05-16 23:45:40,621 - INFO - No changes - skipping git push
2026-05-16 23:45:40,621 - INFO - Gold Price Tracker completed successfully
2026-05-16 23:46:44,987 - INFO - ==================================================
2026-05-16 23:46:44,987 - INFO - Gold Price Tracker started
2026-05-16 23:46:44,987 - INFO - Fetching gold prices from BAJUS...
2026-05-16 23:46:45,113 - INFO - Extracted prices: {'k22': 20415, 'k21': 19490, 'k18': 16705, 'traditional': 13605}
2026-05-16 23:46:45,119 - INFO - Appended new row for 2026-05-16
2026-05-16 23:46:45,119 - ERROR - GitHub credentials not set in .env
2026-05-16 23:46:45,213 - INFO - Gold Price Tracker completed successfully
2026-05-16 23:47:38,372 - INFO - ==================================================
2026-05-16 23:47:38,373 - INFO - Gold Price Tracker started
2026-05-16 23:47:38,373 - INFO - Fetching gold prices from BAJUS...
2026-05-16 23:47:38,492 - INFO - Extracted prices: {'k22': 20415, 'k21': 19490, 'k18': 16705, 'traditional': 13605}
2026-05-16 23:47:38,494 - INFO - Today's prices unchanged (2026-05-16) - no update needed
2026-05-16 23:47:38,495 - INFO - No changes - skipping git push
2026-05-16 23:47:38,495 - INFO - Gold Price Tracker completed successfully
